// Jest Snapshot v1, https://goo.gl/fbAQLP

exports[`SnapShot Testing testing Footer 1`] = `
<footer>
  <div>
    <hr />
    Â© Developer Funnels
  </div>
</footer>
`;
